// Jest Snapshot v1, https://goo.gl/fbAQLP

exports[`Copyright renders correctly 1`] = `
Array [
  <div
    className="copyright"
  >
    copyright
  </div>,
  <cite
    className="attribution"
  >
    Site theme was adapted from 
    <a
      href="https://github.com/alxshelepenok/gatsby-starter-lumen"
      rel="noopener noreferrer"
      target="_blank"
    >
      Lumen
    </a>
     
    by 
    <a
      href="https://github.com/alxshelepenok"
      rel="noopener noreferrer"
      target="_blank"
    >
      Alexander Shelepenok
    </a>
    . Powered by 
    <a
      href="https://gatsbyjs.org"
      rel="noopener noreferrer"
    >
      Gatsby
    </a>
     on 
    <a
      href="https://aws.amazon.com/amplify/console"
      rel="noopener noreferrer"
      target="_blank"
    >
      AWS Amplify
    </a>
    .
  </cite>,
]
`;
